// Jest Snapshot v1, https://goo.gl/fbAQLP

exports[`Render RecipeForm without recipe data 1`] = `
<Formik
  enableReinitialize={false}
  handleSubmit={[Function]}
  initialValues={
    Object {
      "feeds": "",
      "ingredients": "",
      "instructions": "",
      "preparation": "",
      "title": "",
    }
  }
  isInitialValid={false}
  onSubmit={[Function]}
  render={[Function]}
  validateOnBlur={true}
  validateOnChange={true}
  validationSchema={[Function]}
/>
`;
